#-----------------------------------------------------------
# Vivado v2022.1.2 (64-bit)
# SW Build 3605665 on Fri Aug  5 22:52:02 MDT 2022
# IP Build 3603185 on Sat Aug  6 04:07:44 MDT 2022
# Start of session at: Thu Dec 29 20:01:47 2022
# Process ID: 1574268
# Current directory: /home/chmoser/chipwhisperer-ML/hardware/victims/cw305_artixtarget/fpga/ml/cw305_ml/cw305_ml.runs/impl_1
# Command line: vivado -log cw305_ml_top.vdi -applog -product Vivado -messageDb vivado.pb -mode batch -source cw305_ml_top.tcl -notrace
# Log file: /home/chmoser/chipwhisperer-ML/hardware/victims/cw305_artixtarget/fpga/ml/cw305_ml/cw305_ml.runs/impl_1/cw305_ml_top.vdi
# Journal file: /home/chmoser/chipwhisperer-ML/hardware/victims/cw305_artixtarget/fpga/ml/cw305_ml/cw305_ml.runs/impl_1/vivado.jou
# Running On: bnn.atrc.okstate.edu, OS: Linux, CPU Frequency: 3200.000 MHz, CPU Physical cores: 16, Host memory: 67266 MB
#-----------------------------------------------------------
source cw305_ml_top.tcl -notrace
